[
  {
    "name": "r101-api",
    "user": "quentin",
    "target_url": "https://r101-shipr.herokuapp.com/deploys/5473dfc54ab33b186b000003",
    "sha": "bffd27812a5d1a41681f44d269fbf5724c0b4729",
    "environment": "production",
    "state": "success"
  }
]